map "http://hl7.org/fhir/StructureMap/DeviceUseStatement4to3" = "R4 to R3 Conversion for DeviceUseStatement"


uses "http://hl7.org/fhir/StructureDefinition/DeviceUseStatement" alias DeviceUseStatement as source
uses "http://hl7.org/fhir/3.0/StructureDefinition/DeviceUseStatement" alias DeviceUseStatementR3 as target

imports "http://hl7.org/fhir/StructureMap/*4to3"



group for type+types DeviceUseStatement extends DomainResource
  input src : DeviceUseStatement as source
  input tgt : DeviceUseStatementR3 as target

  "DeviceUseStatement.identifier" : for src.identifier make tgt.identifier 
  "DeviceUseStatement.status" : for src.status make tgt.status 
  "DeviceUseStatement.subject" : for src.subject make tgt.subject 
  "DeviceUseStatement.timing-Timing" : for src.timing : Timing as vs make tgt.timing = create("Timing") as vt then Timing(vs,vt)
  "DeviceUseStatement.timing-Period" : for src.timing : Period as vs make tgt.timing = create("Period") as vt then Period(vs,vt)
  "DeviceUseStatement.timing-dateTime" : for src.timing : dateTime as vs make tgt.timing = create("dateTime") as vt then dateTime(vs,vt)
  "DeviceUseStatement.recordedOn" : for src.recordedOn make tgt.recordedOn 
  "DeviceUseStatement.source" : for src.source make tgt.source 
  "DeviceUseStatement.device" : for src.device make tgt.device 
  "DeviceUseStatement.indication" : for src.reasonCode make tgt.indication 
  "DeviceUseStatement.bodySite" : for src.bodySite make tgt.bodySite 
  "DeviceUseStatement.note" : for src.note make tgt.note 
endgroup

