map "http://hl7.org/fhir/StructureMap/EventDefinition4to3" = "R4 to R3 Conversion for EventDefinition"

uses "http://hl7.org/fhir/StructureDefinition/EventDefinition" alias EventDefinition as source
uses "http://hl7.org/fhir/3.0/StructureDefinition/EventDefinition" alias EventDefinitionR3 as target

imports "http://hl7.org/fhir/StructureMap/*4to3"

group EventDefinition(source src : EventDefinitionR3, target tgt : EventDefinition) extends DomainResource <<type+>> {
  src.url -> tgt.url;
  src.identifier -> tgt.identifier;
  src.version -> tgt.version;
  src.name -> tgt.name;
  src.title -> tgt.title;
  src.subtitle -> tgt.subtitle;
  src.status -> tgt.status;
  src.experimental -> tgt.experimental;
  src.subject -> tgt.subject;
  src.date -> tgt.date;
  src.publisher -> tgt.publisher;
  src.contact -> tgt.contact;
  src.description -> tgt.description;
  src.useContext -> tgt.useContext;
  src.jurisdiction -> tgt.jurisdiction;
  src.purpose -> tgt.purpose;
  src.usage -> tgt.usage;
  src.copyright -> tgt.copyright;
  src.approvalDate -> tgt.approvalDate;
  src.lastReviewDate -> tgt.lastReviewDate;
  src.effectivePeriod -> tgt.effectivePeriod;
  src.topic -> tgt.topic;
  src.contributor -> tgt.contributor;
  src.relatedArtifact -> tgt.relatedArtifact;
  src.trigger -> tgt.trigger;
}

