map "http://hl7.org/fhir/StructureMap/GraphDefinition4to3" = "R4 to R3 Conversion for GraphDefinition"


uses "http://hl7.org/fhir/StructureDefinition/GraphDefinition" alias GraphDefinition as source
uses "http://hl7.org/fhir/3.0/StructureDefinition/GraphDefinition" alias GraphDefinitionR3 as target

imports "http://hl7.org/fhir/StructureMap/*4to3"



group for type+types GraphDefinition extends DomainResource
  input src : GraphDefinition as source
  input tgt : GraphDefinitionR3 as target

  "GraphDefinition.url" : for src.url make tgt.url 
  "GraphDefinition.version" : for src.version make tgt.version 
  "GraphDefinition.name" : for src.name make tgt.name 
  "GraphDefinition.status" : for src.status make tgt.status 
  "GraphDefinition.experimental" : for src.experimental make tgt.experimental 
  "GraphDefinition.date" : for src.date make tgt.date 
  "GraphDefinition.publisher" : for src.publisher make tgt.publisher 
  "GraphDefinition.contact" : for src.contact make tgt.contact 
  "GraphDefinition.description" : for src.description make tgt.description 
  "GraphDefinition.useContext" : for src.useContext make tgt.useContext 
  "GraphDefinition.jurisdiction" : for src.jurisdiction make tgt.jurisdiction 
  "GraphDefinition.purpose" : for src.purpose make tgt.purpose 
  "GraphDefinition.start" : for src.start make tgt.start 
  "GraphDefinition.link" : for src.link as vs0 make tgt.link as vt0 then {
    "GraphDefinition.link.path" : for vs0.path make vt0.path 
    "GraphDefinition.link.sliceName" : for vs0.sliceName make vt0.sliceName 
    "GraphDefinition.link.min" : for vs0.min make vt0.min 
    "GraphDefinition.link.max" : for vs0.max make vt0.max 
    "GraphDefinition.link.description" : for vs0.description make vt0.description 
  }
endgroup

