map "http://hl7.org/fhir/StructureMap/HealthcareService4to3" = "R4 to R3 Conversion for HealthcareService"


uses "http://hl7.org/fhir/StructureDefinition/HealthcareService" alias HealthcareService as source
uses "http://hl7.org/fhir/3.0/StructureDefinition/HealthcareService" alias HealthcareServiceR3 as target

imports "http://hl7.org/fhir/StructureMap/*4to3"



group HealthcareService extends DomainResource
  input src : HealthcareService as source
  input tgt : HealthcareServiceR3 as target

  "HealthcareService.identifier" : for src.identifier as vs make tgt.identifier as vt
  "HealthcareService.active" : for src.active as vs make tgt.active as vt
  "HealthcareService.providedBy" : for src.providedBy as vs make tgt.providedBy as vt
  "HealthcareService.category" : for src.categoryFirstRep as vs make tgt.category as vt
  "HealthcareService.type" : for src.type as vs make tgt.type as vt
  "HealthcareService.specialty" : for src.specialty as vs make tgt.specialty as vt
  "HealthcareService.location" : for src.location as vs make tgt.location as vt
  "HealthcareService.name" : for src.name as vs make tgt.name as vt
  "HealthcareService.comment" : for src.comment as vs make tgt.comment as vt
  "HealthcareService.extraDetails" : for src.extraDetails as vs make tgt.extraDetails as vt
  "HealthcareService.photo" : for src.photo as vs make tgt.photo as vt
  "HealthcareService.telecom" : for src.telecom as vs make tgt.telecom as vt
  "HealthcareService.coverageArea" : for src.coverageArea as vs make tgt.coverageArea as vt
  "HealthcareService.serviceProvisionCode" : for src.serviceProvisionCode as vs make tgt.serviceProvisionCode as vt
  "HealthcareService.eligibility" : for src.eligibility as vs make tgt.eligibility as vt
  "HealthcareService.eligibilityNote" : for src.eligibilityNote as vs make tgt.eligibilityNote as vt
  "HealthcareService.programName" : for src.programName as vs make tgt.programName as vt
  "HealthcareService.characteristic" : for src.characteristic as vs make tgt.characteristic as vt
  "HealthcareService.referralMethod" : for src.referralMethod as vs make tgt.referralMethod as vt
  "HealthcareService.appointmentRequired" : for src.appointmentRequired as vs make tgt.appointmentRequired as vt
  "HealthcareService.availableTime" : for src.availableTime as vs0 make tgt.availableTime as vt0 then {
    "HealthcareService.availableTime.allDay" : for vs0.allDay as vs make vt0.allDay as vt
    "HealthcareService.availableTime.availableStartTime" : for vs0.availableStartTime as vs make vt0.availableStartTime as vt
    "HealthcareService.availableTime.availableEndTime" : for vs0.availableEndTime as vs make vt0.availableEndTime as vt
  }
  "HealthcareService.notAvailable" : for src.notAvailable as vs0 make tgt.notAvailable as vt0 then {
    "HealthcareService.notAvailable.description" : for vs0.description as vs make vt0.description as vt
    "HealthcareService.notAvailable.during" : for vs0.during as vs make vt0.during as vt
  }
  "HealthcareService.availabilityExceptions" : for src.availabilityExceptions as vs make tgt.availabilityExceptions as vt
  "HealthcareService.endpoint" : for src.endpoint as vs make tgt.endpoint as vt
endgroup

