map "http://hl7.org/fhir/StructureMap/OrganizationRole4to3" = "R4 to R3 Conversion for OrganizationRole"


uses "http://hl7.org/fhir/StructureDefinition/OrganizationRole" alias OrganizationRole as source
uses "http://hl7.org/fhir/3.0/StructureDefinition/OrganizationRole" alias OrganizationRoleR3 as target

imports "http://hl7.org/fhir/StructureMap/*4to3"



group for type+types OrganizationRole extends DomainResource
  input src : OrganizationRoleR3 as source
  input tgt : OrganizationRole as target

  "OrganizationRole.identifier": for src.identifier make tgt.identifier
  "OrganizationRole.active": for src.active make tgt.active
  "OrganizationRole.period": for src.period make tgt.period
  "OrganizationRole.organization": for src.organization make tgt.organization
  "OrganizationRole.participatingOrganization": for src.participatingOrganization make tgt.participatingOrganization
  "OrganizationRole.network": for src.network make tgt.network
  "OrganizationRole.code": for src.code make tgt.code
  "OrganizationRole.specialty": for src.specialty make tgt.specialty
  "OrganizationRole.location": for src.location make tgt.location
  "OrganizationRole.healthcareService": for src.healthcareService make tgt.healthcareService
  "OrganizationRole.telecom": for src.telecom make tgt.telecom
  "OrganizationRole.availableTime": for src.availableTime as s make tgt.availableTime as t then OrganizationRoleAvailableTime(s,t)
  "OrganizationRole.notAvailable": for src.notAvailable as s make tgt.notAvailable as t then OrganizationRoleNotAvailable(s,t)
  "OrganizationRole.availabilityExceptions": for src.availabilityExceptions make tgt.availabilityExceptions
  "OrganizationRole.endpoint": for src.endpoint make tgt.endpoint
endgroup

group for type+types OrganizationRoleAvailableTime extends BackboneElement
  input src : OrganizationRoleR3 as source
  input tgt : OrganizationRole as target

  "OrganizationRole.availableTime.daysOfWeek": for src.daysOfWeek make tgt.daysOfWeek
  "OrganizationRole.availableTime.allDay": for src.allDay make tgt.allDay
  "OrganizationRole.availableTime.availableStartTime": for src.availableStartTime make tgt.availableStartTime
  "OrganizationRole.availableTime.availableEndTime": for src.availableEndTime make tgt.availableEndTime
endgroup

group for type+types OrganizationRoleNotAvailable extends BackboneElement
  input src : OrganizationRoleR3 as source
  input tgt : OrganizationRole as target

  "OrganizationRole.notAvailable.description": for src.description make tgt.description
  "OrganizationRole.notAvailable.during": for src.during make tgt.during
endgroup
