map "http://hl7.org/fhir/StructureMap/PractitionerRole4to3" = "R4 to R3 Conversion for PractitionerRole"


uses "http://hl7.org/fhir/StructureDefinition/PractitionerRole" alias PractitionerRole as source
uses "http://hl7.org/fhir/3.0/StructureDefinition/PractitionerRole" alias PractitionerRoleR3 as target

imports "http://hl7.org/fhir/StructureMap/*4to3"



group for type+types PractitionerRole extends DomainResource
  input src : PractitionerRole as source
  input tgt : PractitionerRoleR3 as target

  "PractitionerRole.identifier" : for src.identifier make tgt.identifier 
  "PractitionerRole.active" : for src.active make tgt.active 
  "PractitionerRole.period" : for src.period make tgt.period 
  "PractitionerRole.practitioner" : for src.practitioner make tgt.practitioner 
  "PractitionerRole.organization" : for src.organization make tgt.organization 
  "PractitionerRole.code" : for src.code make tgt.code 
  "PractitionerRole.specialty" : for src.specialty make tgt.specialty 
  "PractitionerRole.location" : for src.location make tgt.location 
  "PractitionerRole.healthcareService" : for src.healthcareService make tgt.healthcareService 
  "PractitionerRole.telecom" : for src.telecom make tgt.telecom 
  "PractitionerRole.availableTime" : for src.availableTime as vs0 make tgt.availableTime as vt0 then {
    "PractitionerRole.availableTime.allDay" : for vs0.allDay make vt0.allDay 
    "PractitionerRole.availableTime.availableStartTime" : for vs0.availableStartTime make vt0.availableStartTime 
    "PractitionerRole.availableTime.availableEndTime" : for vs0.availableEndTime make vt0.availableEndTime 
  }
  "PractitionerRole.notAvailable" : for src.notAvailable as vs0 make tgt.notAvailable as vt0 then {
    "PractitionerRole.notAvailable.description" : for vs0.description make vt0.description 
    "PractitionerRole.notAvailable.during" : for vs0.during make vt0.during 
  }
  "PractitionerRole.availabilityExceptions" : for src.availabilityExceptions make tgt.availabilityExceptions 
  "PractitionerRole.endpoint" : for src.endpoint make tgt.endpoint 
endgroup

