map "http://hl7.org/fhir/StructureMap/StructureDefinition4to3" = "R4 to R3 Conversion for StructureDefinition"


uses "http://hl7.org/fhir/StructureDefinition/StructureDefinition" alias StructureDefinition as source
uses "http://hl7.org/fhir/3.0/StructureDefinition/StructureDefinition" alias StructureDefinitionR3 as target

imports "http://hl7.org/fhir/StructureMap/*4to3"



group for type+types StructureDefinition extends DomainResource
  input src : StructureDefinition as source
  input tgt : StructureDefinitionR3 as target

  "StructureDefinition.url" : for src.url make tgt.url 
  "StructureDefinition.identifier" : for src.identifier make tgt.identifier 
  "StructureDefinition.version" : for src.version make tgt.version 
  "StructureDefinition.name" : for src.name make tgt.name 
  "StructureDefinition.title" : for src.title make tgt.title 
  "StructureDefinition.status" : for src.status make tgt.status 
  "StructureDefinition.experimental" : for src.experimental make tgt.experimental 
  "StructureDefinition.date" : for src.date make tgt.date 
  "StructureDefinition.publisher" : for src.publisher make tgt.publisher 
  "StructureDefinition.contact" : for src.contact make tgt.contact 
  "StructureDefinition.description" : for src.description make tgt.description 
  "StructureDefinition.useContext" : for src.useContext make tgt.useContext 
  "StructureDefinition.jurisdiction" : for src.jurisdiction make tgt.jurisdiction 
  "StructureDefinition.purpose" : for src.purpose make tgt.purpose 
  "StructureDefinition.copyright" : for src.copyright make tgt.copyright 
  "StructureDefinition.keyword" : for src.keyword make tgt.keyword 
  "StructureDefinition.fhirVersion" : for src.fhirVersion make tgt.fhirVersion 
  "StructureDefinition.mapping" : for src.mapping as vs0 make tgt.mapping as vt0 then {
    "StructureDefinition.mapping.identity" : for vs0.identity make vt0.identity 
    "StructureDefinition.mapping.uri" : for vs0.uri make vt0.uri 
    "StructureDefinition.mapping.name" : for vs0.name make vt0.name 
    "StructureDefinition.mapping.comment" : for vs0.comment make vt0.comment 
  }
  "StructureDefinition.kind" : for src.kind make tgt.kind 
  "StructureDefinition.abstract" : for src.abstract make tgt.abstract 
  "StructureDefinition.type" : for src.type make tgt.type 
  "StructureDefinition.baseDefinition" : for src.baseDefinition make tgt.baseDefinition 
  "StructureDefinition.contextInvariant" : for src.contextInvariant make tgt.contextInvariant 
  "StructureDefinition.derivation" : for src.derivation make tgt.derivation 
  "StructureDefinition.snapshot" : for src.snapshot as vs0 make tgt.snapshot as vt0 then {
    "StructureDefinition.snapshot.element" : for vs0.element make vt0.element 
  }
  "StructureDefinition.differential" : for src.differential as vs0 make tgt.differential as vt0 then {
    "StructureDefinition.differential.element" : for vs0.element make vt0.element 
  }
endgroup

