map "http://hl7.org/fhir/StructureMap/StructureMap4to3" = "R4 to R3 Conversion for StructureMap"


uses "http://hl7.org/fhir/StructureDefinition/StructureMap" alias StructureMap as source
uses "http://hl7.org/fhir/3.0/StructureDefinition/StructureMap" alias StructureMapR3 as target

imports "http://hl7.org/fhir/StructureMap/*4to3"



group for type+types StructureMap extends DomainResource
  input src : StructureMap as source
  input tgt : StructureMapR3 as target

  "StructureMap.url" : for src.url make tgt.url 
  "StructureMap.identifier" : for src.identifier make tgt.identifier 
  "StructureMap.version" : for src.version make tgt.version 
  "StructureMap.name" : for src.name make tgt.name 
  "StructureMap.title" : for src.title make tgt.title 
  "StructureMap.status" : for src.status make tgt.status 
  "StructureMap.experimental" : for src.experimental make tgt.experimental 
  "StructureMap.date" : for src.date make tgt.date 
  "StructureMap.publisher" : for src.publisher make tgt.publisher 
  "StructureMap.contact" : for src.contact make tgt.contact 
  "StructureMap.description" : for src.description make tgt.description 
  "StructureMap.useContext" : for src.useContext make tgt.useContext 
  "StructureMap.jurisdiction" : for src.jurisdiction make tgt.jurisdiction 
  "StructureMap.purpose" : for src.purpose make tgt.purpose 
  "StructureMap.copyright" : for src.copyright make tgt.copyright 
  "StructureMap.structure" : for src.structure as vs0 make tgt.structure as vt0 then {
    "StructureMap.structure.mode" : for vs0.mode make vt0.mode 
    "StructureMap.structure.alias" : for vs0.alias make vt0.alias 
    "StructureMap.structure.documentation" : for vs0.documentation make vt0.documentation 
  }
  "StructureMap.group" : for src.Group as vs0 make tgt.Group as vt0 then {
    "StructureMap.group.name" : for vs0.name make vt0.name 
    "StructureMap.group.extends" : for vs0.extends make vt0.extends 
    "StructureMap.group.typeMode" : for vs0.typeMode make vt0.typeMode 
    "StructureMap.group.documentation" : for vs0.documentation make vt0.documentation 
  }
endgroup

