map "http://hl7.org/fhir/StructureMap/TriggerDefinition4to3" = "R4 to R3 Conversion for TriggerDefinition"


uses "http://hl7.org/fhir/StructureDefinition/TriggerDefinition" alias TriggerDefinition as source
uses "http://hl7.org/fhir/3.0/StructureDefinition/TriggerDefinition" alias TriggerDefinitionR3 as target

imports "http://hl7.org/fhir/StructureMap/*4to3"



group for type+types TriggerDefinition extends Element
  input src : TriggerDefinition as source
  input tgt : TriggerDefinitionR3 as target

  "TriggerDefinition.type" : for src.type make tgt.type 
  "TriggerDefinition.eventName" : for src.name make tgt.eventName 
  "TriggerDefinition.eventTiming-Timing" : for src.timing : Timing as vs make tgt.eventTiming = create("Timing") as vt then Timing(vs,vt)
  "TriggerDefinition.eventTiming-Reference" : for src.timing : Reference as vs make tgt.eventTiming = create("Reference") as vt then Reference(vs,vt)
  "TriggerDefinition.eventTiming-date" : for src.timing : date as vs make tgt.eventTiming = create("date") as vt then date(vs,vt)
  "TriggerDefinition.eventTiming-dateTime" : for src.timing : dateTime as vs make tgt.eventTiming = create("dateTime") as vt then dateTime(vs,vt)
  "TriggerDefinition.eventData" : for src.data make tgt.eventData 
endgroup

