map "http://hl7.org/fhir/StructureMap/CapabilityStatement3to4" = "R3 to R4 Conversions for CapabilityStatement"


uses "http://hl7.org/fhir/3.0/StructureDefinition/CapabilityStatement" alias CapabilityStatementR3 as source
uses "http://hl7.org/fhir/StructureDefinition/CapabilityStatement" alias CapabilityStatement as target

imports "http://hl7.org/fhir/StructureMap/*3to4"



group for type+types CapabilityStatement extends DomainResource
  input src : CapabilityStatementR3 as source
  input tgt : CapabilityStatement as target

  "CapabilityStatement.url" : for src.url make tgt.url 
  "CapabilityStatement.version" : for src.version make tgt.version 
  "CapabilityStatement.name" : for src.name make tgt.name 
  "CapabilityStatement.title" : for src.title make tgt.title 
  "CapabilityStatement.status" : for src.status make tgt.status 
  "CapabilityStatement.experimental" : for src.experimental make tgt.experimental 
  "CapabilityStatement.date" : for src.date make tgt.date 
  "CapabilityStatement.publisher" : for src.publisher make tgt.publisher 
  "CapabilityStatement.contact" : for src.contact make tgt.contact 
  "CapabilityStatement.description" : for src.description make tgt.description 
  "CapabilityStatement.useContext" : for src.useContext make tgt.useContext 
  "CapabilityStatement.jurisdiction" : for src.jurisdiction make tgt.jurisdiction 
  "CapabilityStatement.purpose" : for src.purpose make tgt.purpose 
  "CapabilityStatement.copyright" : for src.copyright make tgt.copyright 
  "CapabilityStatement.kind" : for src.kind make tgt.kind 
  "CapabilityStatement.software" : for src.software as vs0 make tgt.software as vt0 then {
    "CapabilityStatement.software.name" : for vs0.name make vt0.name 
    "CapabilityStatement.software.version" : for vs0.version make vt0.version 
    "CapabilityStatement.software.releaseDate" : for vs0.releaseDate make vt0.releaseDate 
  }
  "CapabilityStatement.implementation" : for src.implementation as vs0 make tgt.implementation as vt0 then {
    "CapabilityStatement.implementation.description" : for vs0.description make vt0.description 
  }
  "CapabilityStatement.fhirVersion" : for src.fhirVersion make tgt.fhirVersion 
  "CapabilityStatement.format" : for src.format make tgt.format 
  "CapabilityStatement.patchFormat" : for src.patchFormat make tgt.patchFormat 
  "CapabilityStatement.rest" : for src.rest as vs0 make tgt.rest as vt0 then {
    "CapabilityStatement.rest.mode" : for vs0.mode make vt0.mode 
    "CapabilityStatement.rest.documentation" : for vs0.documentation make vt0.documentation 
  }
  "CapabilityStatement.messaging" : for src.messaging as vs0 make tgt.messaging as vt0 then {
    "CapabilityStatement.messaging.reliableCache" : for vs0.reliableCache make vt0.reliableCache 
    "CapabilityStatement.messaging.documentation" : for vs0.documentation make vt0.documentation 
  }
  "CapabilityStatement.document" : for src.document as vs0 make tgt.document as vt0 then {
    "CapabilityStatement.document.mode" : for vs0.mode make vt0.mode 
    "CapabilityStatement.document.documentation" : for vs0.documentation make vt0.documentation 
  }
endgroup

