map "http://hl7.org/fhir/StructureMap/ConceptMap3to4" = "R3 to R4 Conversions for ConceptMap"


uses "http://hl7.org/fhir/3.0/StructureDefinition/ConceptMap" alias ConceptMapR3 as source
uses "http://hl7.org/fhir/StructureDefinition/ConceptMap" alias ConceptMap as target

imports "http://hl7.org/fhir/StructureMap/*3to4"



group ConceptMap extends DomainResource
  input src : ConceptMapR3 as source
  input tgt : ConceptMap as target

  "ConceptMap.url" : for src.url as vs make tgt.url as vt
  "ConceptMap.identifier" : for src.identifier as vs make tgt.identifier as vt
  "ConceptMap.version" : for src.version as vs make tgt.version as vt
  "ConceptMap.name" : for src.name as vs make tgt.name as vt
  "ConceptMap.title" : for src.title as vs make tgt.title as vt
  "ConceptMap.status" : for src.status as vs make tgt.status as vt
  "ConceptMap.experimental" : for src.experimental as vs make tgt.experimental as vt
  "ConceptMap.date" : for src.date as vs make tgt.date as vt
  "ConceptMap.publisher" : for src.publisher as vs make tgt.publisher as vt
  "ConceptMap.contact" : for src.contact as vs make tgt.contact as vt
  "ConceptMap.description" : for src.description as vs make tgt.description as vt
  "ConceptMap.useContext" : for src.useContext as vs make tgt.useContext as vt
  "ConceptMap.jurisdiction" : for src.jurisdiction as vs make tgt.jurisdiction as vt
  "ConceptMap.purpose" : for src.purpose as vs make tgt.purpose as vt
  "ConceptMap.copyright" : for src.copyright as vs make tgt.copyright as vt
  "ConceptMap.group" : for src.group as vs0 make tgt.group as vt0 then {
    "ConceptMap.group.source" : for vs0.source as vs make vt0.source as vt
    "ConceptMap.group.sourceVersion" : for vs0.sourceVersion as vs make vt0.sourceVersion as vt
    "ConceptMap.group.target" : for vs0.target as vs make vt0.target as vt
    "ConceptMap.group.targetVersion" : for vs0.targetVersion as vs make vt0.targetVersion as vt
  }
endgroup

