map "http://hl7.org/fhir/StructureMap/ImplementationGuide3to4" = "R3 to R4 Conversions for ImplementationGuide"


uses "http://hl7.org/fhir/3.0/StructureDefinition/ImplementationGuide" alias ImplementationGuideR3 as source
uses "http://hl7.org/fhir/StructureDefinition/ImplementationGuide" alias ImplementationGuide as target

imports "http://hl7.org/fhir/StructureMap/*3to4"



group for type+types ImplementationGuide extends DomainResource
  input src : ImplementationGuideR3 as source
  input tgt : ImplementationGuide as target

  "ImplementationGuide.url" : for src.url make tgt.url 
  "ImplementationGuide.version" : for src.version make tgt.version 
  "ImplementationGuide.name" : for src.name make tgt.name 
  "ImplementationGuide.status" : for src.status make tgt.status 
  "ImplementationGuide.experimental" : for src.experimental make tgt.experimental 
  "ImplementationGuide.date" : for src.date make tgt.date 
  "ImplementationGuide.publisher" : for src.publisher make tgt.publisher 
  "ImplementationGuide.contact" : for src.contact make tgt.contact 
  "ImplementationGuide.description" : for src.description make tgt.description 
  "ImplementationGuide.useContext" : for src.useContext make tgt.useContext 
  "ImplementationGuide.jurisdiction" : for src.jurisdiction make tgt.jurisdiction 
  "ImplementationGuide.copyright" : for src.copyright make tgt.copyright 
  "ImplementationGuide.fhirVersion" : for src.fhirVersion make tgt.fhirVersion 
  "ImplementationGuide.dependsOn" : for src.dependency as vs0 make tgt.dependsOn as vt0 then {
  }
  "ImplementationGuide.global" : for src.global as vs0 make tgt.global as vt0 then {
    "ImplementationGuide.global.type" : for vs0.type make vt0.type 
  }
endgroup

