map "http://hl7.org/fhir/StructureMap/RelatedPerson3to4" = "R3 to R4 Conversions for RelatedPerson"


uses "http://hl7.org/fhir/3.0/StructureDefinition/RelatedPerson" alias RelatedPersonR3 as source
uses "http://hl7.org/fhir/StructureDefinition/RelatedPerson" alias RelatedPerson as target

imports "http://hl7.org/fhir/StructureMap/*3to4"



group for type+types RelatedPerson extends DomainResource
  input src : RelatedPersonR3 as source
  input tgt : RelatedPerson as target

  "RelatedPerson.identifier": for src.identifier make tgt.identifier
  "RelatedPerson.active": for src.active make tgt.active
  "RelatedPerson.patient": for src.patient make tgt.patient
  "RelatedPerson.relationship": for src.relationship make tgt.relationship
  "RelatedPerson.name": for src.name make tgt.name
  "RelatedPerson.telecom": for src.telecom make tgt.telecom
  "RelatedPerson.gender": for src.gender make tgt.gender
  "RelatedPerson.birthDate": for src.birthDate make tgt.birthDate
  "RelatedPerson.address": for src.address make tgt.address
  "RelatedPerson.photo": for src.photo make tgt.photo
  "RelatedPerson.period": for src.period make tgt.period
endgroup

