map "http://hl7.org/fhir/StructureMap/UserSession3to4" = "R3 to R4 Conversions for UserSession"

uses "http://hl7.org/fhir/3.0/StructureDefinition/UserSession" alias UserSessionR3 as source
uses "http://hl7.org/fhir/StructureDefinition/UserSession" alias UserSession as target

imports "http://hl7.org/fhir/StructureMap/*3to4"

group UserSession(source src : UserSessionR3, target tgt : UserSession) extends DomainResource <<type+>> {
  src.identifier -> tgt.identifier;
  src.user -> tgt.user;
  src.status as s -> tgt.status as t then UserSessionStatus(s, t);
  src.workstation -> tgt.workstation;
  src.focus -> tgt.focus;
  src.created -> tgt.created;
  src.expires -> tgt.expires;
  src.context as s -> tgt.context as t then UserSessionContext(s, t);
}

group UserSessionStatus(source src : UserSessionR3, target tgt : UserSession) extends BackboneElement <<type+>> {
  src.code -> tgt.code;
  src.source -> tgt.source;
}

group UserSessionContext(source src : UserSessionR3, target tgt : UserSession) extends BackboneElement <<type+>> {
  src.type -> tgt.type;
  src.value -> tgt.value;
}

