map "http://hl7.org/fhir/StructureMap/cda-tel" = "V3/FHIR Mappings: ED"

conceptmap "#map-use" {
//  source "http://hl7.org/fhir/ValueSet/address-use"
//  target "http://hl7.org/fhir/ValueSet/v3-AddressUse"
  
  prefix f = "http://hl7.org/fhir/contact-point-use"
  prefix v3 = "http://hl7.org/fhir/v3/AddressUse"
  
  v3:H == f:home
  v3:HP <= f:home
  v3:HV <= f:home
  v3:WP	== f:work
  v3:DIR <= f:work
  v3:PUB <= f:work
  v3:BAD <= f:old
  v3:TMP <= f:temp
  v3:AS --
  v3:EC --
  v3:MC == f:mobile
  v3:PG --
}

uses "http://hl7.org/fhir/StructureDefinition/cda-TEL" as source
uses "http://hl7.org/fhir/StructureDefinition/ContactPoint" as target

imports "http://hl7.org/fhir/StructureMap/cda-any"

group TEL2ContactPoint extends ANY2Element
  input src : TEL as source;
  input tgt : ContactPoint as target;

  tel.phone: for src.value as v where value.startsWith('tel:') and use.select($this = 'PG').empty() make tgt.system = 'phone', tgt.value = evaluate(v, substring(4)) // skip the tel: bit
  tel.pager: for src.value as v where value.startsWith('tel:') and use.select($this = 'PG').exists() make tgt.system = 'pager', tgt.value = evaluate(v, substring(4)) // skip the tel: bit
  tel.fax: for src.value as v where value.startsWith('fax:') make tgt.system = 'phone', tgt.value = evaluate(v, substring(4)) // skip the fax: bit
  tel.email: for src.value as v where value.startsWith('mailto:') make tgt.system = 'eeail', tgt.value = evaluate(v, substring(7)) // skip the mailto: bit
  tel.use: for src.use as v make tgt.use = translate(v, "#map-use", "code") // todo: that map is the wrong way around

endgroup
