map "http://hl7.org/fhir/StructureMap/AllergyIntolerance3to2" = "R3 to R2 Conversion for AllergyIntolerance"

conceptmap "AllergyIntoleranceCriticality" {
  prefix s = "http://hl7.org/fhir/allergy-intolerance-criticality"
  prefix t = "http://hl7.org/fhir/allergy-intolerance-criticality"

  s:low ~ t:CRITL
  s:low ~ t:CRITL
  s:low ~ t:CRITL
}

uses "http://hl7.org/fhir/StructureDefinition/AllergyIntolerance" alias AllergyIntolerance as source
uses "http://hl7.org/fhir/DSTU2/StructureDefinition/AllergyIntolerance" alias AllergyIntoleranceR2 as target

imports "http://hl7.org/fhir/StructureMap/primitives3to2"
imports "http://hl7.org/fhir/StructureMap/DomainResource3to2"
imports "http://hl7.org/fhir/StructureMap/Identifier3to2"
imports "http://hl7.org/fhir/StructureMap/Reference3to2"
imports "http://hl7.org/fhir/StructureMap/Annotation3to2"
imports "http://hl7.org/fhir/StructureMap/CodeableConcept3to2"

group for type+types  AllergyIntolerance extends DomainResource
  input src : AllergyIntolerance as source
  input tgt : AllergyIntoleranceR2 as target

  "AllergyIntolerance-identifier" : for src.identifier make tgt.identifier
  "AllergyIntolerance-status" : for src.clinicalStatus as vs0 make tgt.status as vt0
  "AllergyIntolerance-type" : for src.type make tgt.type
  "AllergyIntolerance-criticality" : for src.criticality as v make tgt.criticality = translate(v, "#AllergyIntoleranceCriticality", "code")
  "AllergyIntolerance-substance" : for src.code make tgt.substance
  "AllergyIntolerance-patient" : for src.patient make tgt.patient
  "AllergyIntolerance-recordedDate" : for src.assertedDate make tgt.recordedDate
  "AllergyIntolerance-recorder" : for src.recorder make tgt.recorder
  "AllergyIntolerance-reporter" : for src.asserter make tgt.reporter
  "AllergyIntolerance-lastOccurence" : for src.lastOccurrence make tgt.lastOccurence
  "AllergyIntolerance-note" : for src.note make tgt.note
  "AllergyIntolerance-reaction" : for src.reaction as vs0 make tgt.reaction as vt0 then {
    "AllergyIntolerance.reaction-substance" : for vs0.substance make vt0.substance
    "AllergyIntolerance.reaction-certainty" : for vs0.certainty make vt0.certainty
    "AllergyIntolerance.reaction-manifestation" : for vs0.manifestation make vt0.manifestation
    "AllergyIntolerance.reaction-description" : for vs0.description make vt0.description
    "AllergyIntolerance.reaction-onset" : for vs0.onset make vt0.onset
    "AllergyIntolerance.reaction-severity" : for vs0.severity make vt0.severity
    "AllergyIntolerance.reaction-exposureRoute" : for vs0.exposureRoute make vt0.exposureRoute
    "AllergyIntolerance.reaction-note" : for vs0.note make vt0.note
  }


endgroup
