map "http://hl7.org/fhir/StructureMap/DiagnosticReport3to2" = "R3 to R2 Conversion for DiagnosticReport"

uses "http://hl7.org/fhir/StructureDefinition/DiagnosticReport" alias DiagnosticReport as source
uses "http://hl7.org/fhir/DSTU2/StructureDefinition/DiagnosticReport" alias DiagnosticReportR2 as target

imports "http://hl7.org/fhir/StructureMap/*3to2"

group for type+types  DiagnosticReport extends DomainResource
  input src : DiagnosticReport as source
  input tgt : DiagnosticReportR2 as target

  "DiagnosticReport-identifier" : for src.identifier make tgt.identifier
  "DiagnosticReport-status" : for src.status make tgt.status
  "DiagnosticReport-category" : for src.category make tgt.category
  "DiagnosticReport-code" : for src.code make tgt.code
  "DiagnosticReport-subject" : for src.subject make tgt.subject
  "DiagnosticReport-encounter" : for src.context make tgt.encounter
  "DiagnosticReport-effective" : for src.effective make tgt.effective 
  "DiagnosticReport-issued" : for src.issued make tgt.issued
  "DiagnosticReport-performer" : for src.performer as v then drpPerformer(v, tgt)
  "DiagnosticReport-request" : for src.basedOn make tgt.request
  "DiagnosticReport-specimen" : for src.specimen make tgt.specimen
  "DiagnosticReport-result" : for src.result make tgt.result
  "DiagnosticReport-imagingStudy" : for src.imagingStudy make tgt.imagingStudy
  "DiagnosticReport-image" : for src.image as vs0 make tgt.image as vt0 then drpImage(vs0, vt0)
  "DiagnosticReport-conclusion" : for src.conclusion make tgt.conclusion
  "DiagnosticReport-codedDiagnosis" : for src.codedDiagnosis make tgt.codedDiagnosis
  "DiagnosticReport-presentedForm" : for src.presentedForm make tgt.presentedForm
endgroup

group drpPerformer extends BackboneElement
  input src as source
  input tgt as target
  
  "DiagnosticReport.performer-actor" : for src.actor make tgt.performer
  
endgroup

group drpImage extends BackboneElement
  input src as source
  input tgt as target

  "DiagnosticReport.image-comment" : for src.comment make tgt.comment
  "DiagnosticReport.image-link" : for src.link make tgt.link
endgroup