map "http://hl7.org/fhir/StructureMap/Goal3to2" = "R3 to R2 Conversion for Goal"

uses "http://hl7.org/fhir/StructureDefinition/Goal" alias Goal as source
uses "http://hl7.org/fhir/DSTU2/StructureDefinition/Goal" alias GoalR2 as target

imports "http://hl7.org/fhir/StructureMap/*3to2"

group for type+types  Goal extends DomainResource
  input src : Goal as source
  input tgt : GoalR2 as target

  "Goal-identifier" : for src.identifier make tgt.identifier
  "Goal-subject" : for src.subject make tgt.subject
  "Goal-start" : for src.start make tgt.start 
  "Goal-target" : for src.target make tgt.target
  "Goal-category" : for src.category make tgt.category
  "Goal-description" : for src.description make tgt.description
  "Goal-status" : for src.status make tgt.status
  "Goal-statusDate" : for src.statusDate make tgt.statusDate
  "Goal-statusReason" : for src.statusReason make tgt.statusReason
  "Goal-author" : for src.expressedBy make tgt.author
  "Goal-priority" : for src.priority make tgt.priority
  "Goal-addresses" : for src.addresses make tgt.addresses
  "Goal-note" : for src.note make tgt.note
  "Goal-outcome" : for src.outcomeCode as vs0 make tgt.outcome as vt0, vt0.result = vs0
  "Goal-outcome" : for src.outcomeReference as vs0 make tgt.outcome as vt0, vt0.result = vs0
endgroup

