map "http://hl7.org/fhir/StructureMap/ProcedureRequest3to2" = "R3 to R2 Conversion for ProcedureRequest"

uses "http://hl7.org/fhir/StructureDefinition/ProcedureRequest" alias ProcedureRequest as source
uses "http://hl7.org/fhir/DSTU2/StructureDefinition/ProcedureRequest" alias ProcedureRequestR2 as target

imports "http://hl7.org/fhir/StructureMap/*3to2"

group for type+types  ProcedureRequest extends DomainResource
  input src : ProcedureRequest as source
  input tgt : ProcedureRequestR2 as target

  "ProcedureRequest-identifier" : for src.identifier make tgt.identifier
  "ProcedureRequest-subject" : for src.subject make tgt.subject
  "ProcedureRequest-code" : for src.code make tgt.code
  "ProcedureRequest-bodySite" : for src.bodySite make tgt.bodySite
  "ProcedureRequest-reason1" : for src.reasonCode make tgt.reason
  "ProcedureRequest-reason2" : for src.reasonReference make tgt.reason
  "ProcedureRequest-scheduled" : for src.occurrence make tgt.scheduled
  "ProcedureRequest-encounter" : for src.context make tgt.encounter
  "ProcedureRequest-performer" : for src.performer make tgt.performer
  "ProcedureRequest-status" : for src.status make tgt.status
  "ProcedureRequest-notes" : for src.note make tgt.notes
  "ProcedureRequest-asNeeded" : for src.asNeeded make tgt.asNeeded
  "ProcedureRequest-orderedOn" : for src.authoredOn make tgt.orderedOn
  "ProcedureRequest-orderer" : for src.requester as v then {
    "ProcedureRequest-orderer-inner" : for v.agent make tgt.orderer
  }
  "ProcedureRequest-priority" : for src.priority make tgt.priority

endgroup
