map "http://hl7.org/fhir/StructureMap/QuestionnaireResponse3to2" = "R3 to R2 Conversion for QuestionnaireResponse"

uses "http://hl7.org/fhir/StructureDefinition/QuestionnaireResponse" alias QuestionnaireResponse as source
uses "http://hl7.org/fhir/DSTU2/StructureDefinition/QuestionnaireResponse" alias QuestionnaireResponseR2 as target

imports "http://hl7.org/fhir/StructureMap/primitives3to2"
imports "http://hl7.org/fhir/StructureMap/DomainResource3to2"
imports "http://hl7.org/fhir/StructureMap/Identifier3to2"
imports "http://hl7.org/fhir/StructureMap/Reference3to2"

group for type+types  QuestionnaireResponse extends DomainResource
  input src : QuestionnaireResponse as source
  input tgt : QuestionnaireResponseR2 as target

  "QuestionnaireResponse-identifier" : for src.identifier make tgt.identifier
  "QuestionnaireResponse-questionnaire" : for src.questionnaire make tgt.questionnaire
  "QuestionnaireResponse-status" : for src.status make tgt.status
  "QuestionnaireResponse-subject" : for src.subject make tgt.subject
  "QuestionnaireResponse-author" : for src.author make tgt.author
  "QuestionnaireResponse-authored" : for src.authored make tgt.authored
  "QuestionnaireResponse-source" : for src.source make tgt.source
  "QuestionnaireResponse-encounter" : for src.context make tgt.encounter

endgroup
