map "http://hl7.org/fhir/StructureMap/RelatedPerson3to2" = "R3 to R2 Conversion for RelatedPerson"

uses "http://hl7.org/fhir/StructureDefinition/RelatedPerson" alias RelatedPerson as source
uses "http://hl7.org/fhir/DSTU2/StructureDefinition/RelatedPerson" alias RelatedPersonR2 as target

imports "http://hl7.org/fhir/StructureMap/*3to2"

group for type+types  RelatedPerson extends DomainResource
  input src : RelatedPerson as source
  input tgt : RelatedPersonR2 as target

  "RelatedPerson-identifier" : for src.identifier make tgt.identifier
  "RelatedPerson-patient" : for src.patient make tgt.patient
  "RelatedPerson-relationship" : for src.relationship make tgt.relationship
  "RelatedPerson-name" : for src.name only_one make tgt.name
  "RelatedPerson-telecom" : for src.telecom make tgt.telecom
  "RelatedPerson-gender" : for src.gender make tgt.gender
  "RelatedPerson-birthDate" : for src.birthDate make tgt.birthDate
  "RelatedPerson-address" : for src.address make tgt.address
  "RelatedPerson-photo" : for src.photo make tgt.photo
  "RelatedPerson-period" : for src.period make tgt.period

endgroup
