map "http://hl7.org/fhir/StructureMap/StructureDefinition3to2" = "R3 to R2 Conversion for StructureDefinition"

conceptmap "StructureDefinitionKind" {
  prefix s = "http://hl7.org/fhir/structure-definition-kind"
  prefix t = "http://hl7.org/fhir/structure-definition-kind"

  s:"primitive-type" - t:datatype
  s:"complex-type" - t:datatype
  s:resource - t:resource
  s:logical - t:logical
}

uses "http://hl7.org/fhir/StructureDefinition/StructureDefinition" alias StructureDefinition as source
uses "http://hl7.org/fhir/DSTU2/StructureDefinition/StructureDefinition" alias StructureDefinitionR2 as target

imports "http://hl7.org/fhir/StructureMap/*3to2"

group for type+types  StructureDefinition extends DomainResource
  input src : StructureDefinition as source
  input tgt : StructureDefinitionR2 as target

  "StructureDefinition-url" : for src.url make tgt.url
  "StructureDefinition-identifier" : for src.identifier make tgt.identifier
  "StructureDefinition-version" : for src.version make tgt.version
  "StructureDefinition-name" : for src.name make tgt.name
  "StructureDefinition-display" : for src.title make tgt.display
  "StructureDefinition-status" : for src.status make tgt.status
  "StructureDefinition-experimental" : for src.experimental make tgt.experimental
  "StructureDefinition-publisher" : for src.publisher make tgt.publisher
  "StructureDefinition-contact" : for src.contact as vs0 make tgt.contact as vt0 then {
    "StructureDefinition.contact-name" : for vs0.name make vt0.name
    "StructureDefinition.contact-telecom" : for vs0.telecom make vt0.telecom
  }

  "StructureDefinition-date" : for src.date make tgt.date
  "StructureDefinition-description" : for src.description make tgt.description
  "StructureDefinition-useContext" : for src.jurisdiction make tgt.useContext
  "StructureDefinition-requirements" : for src.purpose make tgt.requirements
  "StructureDefinition-copyright" : for src.copyright make tgt.copyright
  "StructureDefinition-code" : for src.keyword make tgt.code
  "StructureDefinition-fhirVersion" : for src.fhirVersion make tgt.fhirVersion
  "StructureDefinition-mapping" : for src.mapping as vs0 make tgt.mapping as vt0 then {
    "StructureDefinition.mapping-identity" : for vs0.identity make vt0.identity
    "StructureDefinition.mapping-uri" : for vs0.uri make vt0.uri
    "StructureDefinition.mapping-name" : for vs0.name make vt0.name
    "StructureDefinition.mapping-comments" : for vs0.comment make vt0.comments
  }

  "StructureDefinition-kind" : for src.kind as v make tgt.kind = translate(v, "#StructureDefinitionKind", "code")
  "StructureDefinition-contextType" : for src.contextType make tgt.contextType
  "StructureDefinition-context" : for src.context make tgt.context
  "StructureDefinition-constrainedType" : for src.type as vs where src.derivation = 'constraint' make tgt.constrainedType as vt then code(vs, vt)
  "StructureDefinition-abstract" : for src.abstract make tgt.abstract
  "StructureDefinition-base" : for src.baseDefinition make tgt.base
  "StructureDefinition-snapshot" : for src.snapshot as vs0 make tgt.snapshot as vt0 then {
    "StructureDefinition.snapshot-element" : for vs0.element as vs make vt0.element as vt then ElementDefinition(src, vs, vt)
  }

  "StructureDefinition-differential" : for src.differential as vs0 make tgt.differential as vt0 then {
    "StructureDefinition.differential-element" : for vs0.element as vs make vt0.element as vt then ElementDefinition(src, vs, vt)
  }


endgroup
