map "http://hl7.org/fhir/StructureMap/SupplyRequest3to2" = "R3 to R2 Conversion for SupplyRequest"

uses "http://hl7.org/fhir/StructureDefinition/SupplyRequest" alias SupplyRequest as source
uses "http://hl7.org/fhir/DSTU2/StructureDefinition/SupplyRequest" alias SupplyRequestR2 as target

imports "http://hl7.org/fhir/StructureMap/*3to2"

group for type+types  SupplyRequest extends DomainResource
  input src : SupplyRequest as source
  input tgt : SupplyRequestR2 as target

  "SupplyRequest-patient" : for src.patient make tgt.patient
  "SupplyRequest-source" : for src.source make tgt.source
  "SupplyRequest-date" : for src.date make tgt.date
  "SupplyRequest-identifier" : for src.identifier make tgt.identifier
  "SupplyRequest-status" : for src.status make tgt.status
  "SupplyRequest-kind" : for src.kind make tgt.kind
  "SupplyRequest-orderedItem" : for src.orderedItem make tgt.orderedItem
  "SupplyRequest-supplier" : for src.supplier make tgt.supplier
  "SupplyRequest-reason" : for src.reason make tgt.reason
  "SupplyRequest-when" : for src.when as vs0 make tgt.when as vt0 then srWhen(vs0, vt0)
endgroup

group srWhen extends BackboneElement
  input src as source
  input tgt as target

  "SupplyRequest.when-code" : for src.code make tgt.code
  "SupplyRequest.when-schedule" : for src.schedule make tgt.schedule
endgroup
