map "http://hl7.org/fhir/StructureMap/Account2to3" = "R2 to R3 Conversions for Account"

uses "http://hl7.org/fhir/DSTU2/StructureDefinition/Account" alias AccountR2 as source
uses "http://hl7.org/fhir/StructureDefinition/Account" alias Account as target

imports "http://hl7.org/fhir/StructureMap/*2to3"

group for type+types  Account extends DomainResource
  input src : AccountR2 as source
  input tgt : Account as target

  "Account-identifier" : for src.identifier make tgt.identifier
  "Account-name" : for src.name make tgt.name
  "Account-type" : for src.type make tgt.type
  "Account-status" : for src.status make tgt.status
  "Account-active" : for src.activePeriod make tgt.active
  "Account-balance" : for src.balance make tgt.balance
//  "Account-coveragePeriod" : for src.coveragePeriod make tgt.coveragePeriod - moved into coverage resource
  "Account-subject" : for src.subject make tgt.subject
  "Account-owner" : for src.owner make tgt.owner
  "Account-description" : for src.description make tgt.description

endgroup
