map "http://hl7.org/fhir/StructureMap/Condition2to3" = "R2 to R3 Conversions for Condition"

conceptmap "ConditionClinicalStatus" {
  prefix s = "http://hl7.org/fhir/ValueSet/condition-clinical"
  prefix t = "http://hl7.org/fhir/ValueSet/condition-clinical"

  unmapped for s = provided
  
  s:relapse	= t:recurrence
}


uses "http://hl7.org/fhir/DSTU2/StructureDefinition/Condition" alias ConditionR2 as source
uses "http://hl7.org/fhir/StructureDefinition/Condition" alias Condition as target

imports "http://hl7.org/fhir/StructureMap/*2to3"

group for type+types  Condition extends DomainResource
  input src : ConditionR2 as source
  input tgt : Condition as target

  "Condition-identifier" : for src.identifier make tgt.identifier
  "Condition-patient" : for src.patient make tgt.subject
  "Condition-encounter" : for src.encounter make tgt.context
  "Condition-asserter" : for src.asserter make tgt.asserter
  "Condition-dateRecorded" : for src.dateRecorded make tgt.assertedDate
  "Condition-code" : for src.code make tgt.code
  "Condition-category" : for src.category make tgt.category
  "Condition-clinicalStatus" : for src.clinicalStatus as v make tgt.clinicalStatus = translate(v, "#ConditionClinicalStatus", "code")
  "Condition-verificationStatus" : for src.verificationStatus make tgt.verificationStatus
  "Condition-severity" : for src.severity make tgt.severity
  "Condition-onset" : for src.onset make tgt.onset
  "Condition-abatement" : for src.abatement make tgt.abatement
  "Condition-stage" : for src.stage as vs0 make tgt.stage as vt0 then cndStage(vs0, vt0)
  "Condition-evidence" : for src.evidence as vs0 make tgt.evidence as vt0 then cndEvidence(vs0, vt0)
  "Condition-bodySite" : for src.bodySite make tgt.bodySite
  "Condition-notes" : for src.notes as v make tgt.note as n, n.text = v
endgroup

group cndStage extends BackboneElement
  input src : ConditionR2 as source
  input tgt : Condition as target

  "Condition.stage-summary" : for src.summary make tgt.summary
  "Condition.stage-assessment" : for src.assessment make tgt.assessment
endgroup

group cndEvidence extends BackboneElement
  input src : ConditionR2 as source
  input tgt : Condition as target

  "Condition.evidence-code" : for src.code make tgt.code
  "Condition.evidence-detail" : for src.detail make tgt.detail
endgroup
