map "http://hl7.org/fhir/StructureMap/DeviceUseStatement2to3" = "R2 to R3 Conversions for DeviceUseStatement"

uses "http://hl7.org/fhir/DSTU2/StructureDefinition/DeviceUseStatement" alias DeviceUseStatementR2 as source
uses "http://hl7.org/fhir/StructureDefinition/DeviceUseStatement" alias DeviceUseStatement as target

imports "http://hl7.org/fhir/StructureMap/*2to3"

group for type+types  DeviceUseStatement extends DomainResource
  input src : DeviceUseStatementR2 as source
  input tgt : DeviceUseStatement as target

  "DeviceUseStatement-bodySite" : for src.bodySiteCodeableConcept make tgt.bodySite
  "DeviceUseStatement-whenUsed" : for src.whenUsed make tgt.whenUsed
  "DeviceUseStatement-device" : for src.device make tgt.device
  "DeviceUseStatement-identifier" : for src.identifier make tgt.identifier
  "DeviceUseStatement-indication" : for src.indication make tgt.indication
  "DeviceUseStatement-notes" : for src.notes as v make tgt.note as n, n.text = v
  "DeviceUseStatement-recordedOn" : for src.recordedOn make tgt.recordedOn
  "DeviceUseStatement-subject" : for src.subject make tgt.subject
  "DeviceUseStatement-timing" : for src.timing make tgt.timing
endgroup
