map "http://hl7.org/fhir/StructureMap/ElementDefinition2to3" = "R2 to R3 Conversions for ElementDefinition"

uses "http://hl7.org/fhir/DSTU2/StructureDefinition/ElementDefinition" alias ElementDefinitionR2 as source
uses "http://hl7.org/fhir/StructureDefinition/ElementDefinition" alias ElementDefinition as target

imports "http://hl7.org/fhir/StructureMap/*2to3"

group for type+types  ElementDefinition
  input src : ElementDefinitionR2 as source
  input tgt : ElementDefinition as target
  input first : boolean as target

  "ElementDefinition-extensions" : for src.extension make tgt.extension
  "ElementDefinition-id" : for src.path make tgt.id
  "ElementDefinition-path" : for src.path make tgt.path
  "ElementDefinition-representation" : for src.representation make tgt.representation
  "ElementDefinition-sliceName" : for src.name make tgt.sliceName
  "ElementDefinition-id" : for src.name make tgt.id
  "ElementDefinition-label" : for src.label make tgt.label
  "ElementDefinition-code" : for src.code make tgt.code
  "ElementDefinition-slicing" : for src.slicing as vs0 make tgt.slicing as vt0 then {
    "ElementDefinition.slicing-discriminator" : for vs0.discriminator as vs1 make vt0.discriminator as vd1, vd1.type = "value", vd1.path = vs1
    "ElementDefinition.slicing-description" : for vs0.description make vt0.description
    "ElementDefinition.slicing-ordered" : for vs0.ordered make vt0.ordered
    "ElementDefinition.slicing-rules" : for vs0.rules make vt0.rules
  }

  "ElementDefinition-short" : for src.short make tgt.short
  "ElementDefinition-definition" : for src.definition make tgt.definition
  "ElementDefinition-comments" : for src.comments make tgt.comment
  "ElementDefinition-requirements" : for src.requirements make tgt.requirements
  "ElementDefinition-alias" : for src.alias make tgt.alias
  "ElementDefinition-min" : for src.min make tgt.min
  "ElementDefinition-max" : for src.max make tgt.max
  "ElementDefinition-base" : for src.base as vs0 make tgt.base as vt0 then {
    "ElementDefinition.base-path" : for vs0.path make vt0.path
    "ElementDefinition.base-min" : for vs0.min make vt0.min
    "ElementDefinition.base-max" : for vs0.max make vt0.max
  }

  "ElementDefinition-type" : for src.type as vs0 where first.not() make tgt.type as vt0 then type(vs0, vt0)

  "ElementDefinition-nameReference" : for src.nameReference make tgt.contentReference
  "ElementDefinition-defaultValue" : for src.defaultValue make tgt.defaultValue
  "ElementDefinition-meaningWhenMissing" : for src.meaningWhenMissing make tgt.meaningWhenMissing
  "ElementDefinition-example" : for src.example as v make tgt.example as ve, ve.label = "General", ve.value = v
  "ElementDefinition-fixed" : for src.fixed make tgt.fixed
  "ElementDefinition-pattern" : for src.pattern make tgt.pattern
  "ElementDefinition-minValue" : for src.minValue make tgt.minValue
  "ElementDefinition-maxValue" : for src.maxValue make tgt.maxValue
  "ElementDefinition-maxLength" : for src.maxLength make tgt.maxLength
  "ElementDefinition-condition" : for src.condition make tgt.condition
  "ElementDefinition-constraint" : for src.constraint as vs0 make tgt.constraint as vt0 then constraint(vs0, vt0)
  "ElementDefinition-mustSupport" : for src.mustSupport make tgt.mustSupport
  "ElementDefinition-isModifier" : for src.isModifier make tgt.isModifier
  "ElementDefinition-isSummary" : for src.isSummary make tgt.isSummary
  "ElementDefinition-binding" : for src.binding as vs0 make tgt.binding as vt0 then binding(vs0, vt0)
  "ElementDefinition-mapping" : for src.mapping as vs0 make tgt.mapping as vt0 then mapping(vs0, vt0)
endgroup

group binding extends Element
  input src as source
  input tgt as target
  
  "ElementDefinition.binding-strength" : for src.strength make tgt.strength
  "ElementDefinition.binding-description" : for src.description make tgt.description
  "ElementDefinition.binding-valueSet" : for src.valueSet make tgt.valueSet
endgroup

group type extends Element
  input src as source
  input tgt as target
  
  "ElementDefinition.type-code" : for src.code make tgt.code
  "ElementDefinition.type-profile1" : for src.profile where src.code = 'Reference' make tgt.profile
  "ElementDefinition.type-profile2" : for src.profile where src.code != 'Reference' make tgt.targetProfile
  "ElementDefinition.type-aggregation" : for src.aggregation make tgt.aggregation
endgroup

group constraint extends Element
  input src as source
  input tgt as target
  
  "ElementDefinition.constraint-key" : for src.key make tgt.key
  "ElementDefinition.constraint-requirements" : for src.requirements make tgt.requirements
  "ElementDefinition.constraint-severity" : for src.severity make tgt.severity
  "ElementDefinition.constraint-human" : for src.human make tgt.human
  "ElementDefinition.constraint-xpath" : for src.xpath make tgt.xpath
  "ElementDefinition.constraint-expression" : for src make tgt.expression = "todo"
endgroup

group mapping extends Element
  input src as source
  input tgt as target
  
  "ElementDefinition.mapping-identity" : for src.identity make tgt.identity
  "ElementDefinition.mapping-language" : for src.language make tgt.language
  "ElementDefinition.mapping-map" : for src.map make tgt.map
endgroup
