map "http://hl7.org/fhir/StructureMap/ProcedureRequest2to3" = "R2 to R3 Conversions for ProcedureRequest"

uses "http://hl7.org/fhir/DSTU2/StructureDefinition/ProcedureRequest" alias ProcedureRequestR2 as source
uses "http://hl7.org/fhir/StructureDefinition/ProcedureRequest" alias ProcedureRequest as target

imports "http://hl7.org/fhir/StructureMap/*2to3"

group for type+types  ProcedureRequest extends DomainResource
  input src : ProcedureRequestR2 as source
  input tgt : ProcedureRequest as target

  "ProcedureRequest-identifier" : for src.identifier make tgt.identifier
  "ProcedureRequest-subject" : for src.subject make tgt.subject
  "ProcedureRequest-code" : for src.code make tgt.code
  "ProcedureRequest-bodySite" : for src.bodySite make tgt.bodySite
  "ProcedureRequest-reason1" : for src.reason as v where v.is(CodeableConcept) make tgt.reasonCode = v
  "ProcedureRequest-reason2" : for src.reason as v where v.is(Reference) make tgt.reasonReference = v
  "ProcedureRequest-scheduled" : for src.scheduled make tgt.occurrence
  "ProcedureRequest-encounter" : for src.encounter make tgt.context
  "ProcedureRequest-performer" : for src.performer make tgt.performer
  "ProcedureRequest-status" : for src.status make tgt.status
  "ProcedureRequest-notes" : for src.notes make tgt.note
  "ProcedureRequest-asNeeded" : for src.asNeeded make tgt.asNeeded
  "ProcedureRequest-orderedOn" : for src.orderedOn make tgt.authoredOn
  "ProcedureRequest-orderer" : for src.orderer as v make tgt.requester as d, d.agent = v
  "ProcedureRequest-priority" : for src.priority make tgt.priority


endgroup
