map "http://hl7.org/fhir/StructureMap/RiskAssessment2to3" = "R2 to R3 Conversions for RiskAssessment"

uses "http://hl7.org/fhir/DSTU2/StructureDefinition/RiskAssessment" alias RiskAssessmentR2 as source
uses "http://hl7.org/fhir/StructureDefinition/RiskAssessment" alias RiskAssessment as target

imports "http://hl7.org/fhir/StructureMap/*2to3"

group for type+types  RiskAssessment extends DomainResource
  input src : RiskAssessmentR2 as source
  input tgt : RiskAssessment as target

  "RiskAssessment-subject" : for src.subject make tgt.subject
  "RiskAssessment-date" : for src.date make tgt.occurrence
  "RiskAssessment-condition" : for src.condition make tgt.condition
  "RiskAssessment-context" : for src.encounter make tgt.context
  "RiskAssessment-performer" : for src.performer make tgt.performer
  "RiskAssessment-identifier" : for src.identifier make tgt.identifier
  "RiskAssessment-method" : for src.method make tgt.method
  "RiskAssessment-basis" : for src.basis make tgt.basis
  "RiskAssessment-prediction" : for src.prediction as vs0 make tgt.prediction as vt0 then rskPrediction(vs0, vt0)
  "RiskAssessment-mitigation" : for src.mitigation make tgt.mitigation
endgroup

group rskPrediction extends BackboneElement
  input src as source
  input tgt as target

  "RiskAssessment.prediction-outcome" : for src.outcome make tgt.outcome
  "RiskAssessment.prediction-probability" : for src.probability make tgt.probability
  "RiskAssessment.prediction-relativeRisk" : for src.relativeRisk make tgt.relativeRisk
  "RiskAssessment.prediction-when" : for src.when make tgt.when 
  "RiskAssessment.prediction-rationale" : for src.rationale make tgt.rationale
endgroup
