map "http://hl7.org/fhir/StructureMap/Substance2to3" = "R2 to R3 Conversions for Substance"

uses "http://hl7.org/fhir/StructureDefinition/Substance" as source
uses "http://hl7.org/fhir/StructureDefinition/SubstanceR2" as target


group Substance extends Element
  input src : SubstanceR2 as source
  input tgt : Substance as Target

  "Substance-identifier" : for src.identifier as vs make tgt.identifier as vt then Identifier(vs,vt)
  "Substance-category" : for src.category as vs make tgt.category as vt then CodeableConcept(vs,vt)
  "Substance-code" : for src.code as vs make tgt.code as vt then CodeableConcept(vs,vt)
  "Substance-description" : for src.description as vs make tgt.description as vt then string(vs, vt)
  "Substance-instance" : for src.instance as vs0 make tgt.instance = as vt0 then {
    "Substance.instance-identifier" : for vs0.identifier as vs make vt0.identifier as vt then Identifier(vs,vt)
    "Substance.instance-expiry" : for vs0.expiry as vs make vt0.expiry as vt then dateTime(vs, vt)
    "Substance.instance-quantity" : for vs0.quantity as vs make vt0.quantity as vt then Quantity(vs,vt)
  }
  "Substance-ingredient" : for src.ingredient as vs0 make tgt.ingredient = as vt0 then {
    "Substance.ingredient-quantity" : for vs0.quantity as vs make vt0.quantity as vt then Ratio(vs,vt)
    "Substance.ingredient-substance" : for vs0.substance as vs make vt0.substance as vt then Reference(vs,vt)
  }
endgroup

