map "http://hl7.org/fhir/StructureMap/SupplyDelivery2to3" = "R2 to R3 Conversions for SupplyDelivery"

uses "http://hl7.org/fhir/DSTU2/StructureDefinition/SupplyDelivery" alias SupplyDeliveryR2 as source
uses "http://hl7.org/fhir/StructureDefinition/SupplyDelivery" alias SupplyDelivery as target

imports "http://hl7.org/fhir/StructureMap/*2to3"

group for type+types  SupplyDelivery extends DomainResource
  input src : SupplyDeliveryR2 as source
  input tgt : SupplyDelivery as target

  "SupplyDelivery-identifier" : for src.identifier make tgt.identifier
  "SupplyDelivery-status" : for src.status make tgt.status
  "SupplyDelivery-patient" : for src.patient make tgt.patient
  "SupplyDelivery-type" : for src.type make tgt.type
  "SupplyDelivery-quantity" : for src.quantity as v make tgt.suppliedItem as si, si.quantity = v
  "SupplyDelivery-suppliedItem" : for src.suppliedItem as v make tgt.suppliedItem as si, si.item = v
  "SupplyDelivery-supplier" : for src.supplier make tgt.supplier
  "SupplyDelivery-whenPrepared" : for src.whenPrepared as v make tgt.extension as t, t.url = 'http://hl7.org/fhir/SupplyDelivery-r2-whenPrepared', t.value = v
  "SupplyDelivery-time" : for src.time make tgt.occurrence
  "SupplyDelivery-destination" : for src.destination make tgt.destination
  "SupplyDelivery-receiver" : for src.receiver make tgt.receiver

endgroup
